2026-05-16 20:24:20.372 23964-23964 Capacitor/Plugin        com.sitstand.timer                   V  To native (Capacitor plugin): callbackId: 115875079, pluginId: App, methodName: addListener
2026-05-16 20:24:20.372 23964-23964 Capacitor               com.sitstand.timer                   V  callback: 115875079, pluginId: App, methodName: addListener, methodData: {"eventName":"appUrlOpen"}
2026-05-16 20:24:20.372 23964-24085 Capacitor               com.sitstand.timer                   D  Handling local request: https://localhost/assets/workbox-window.prod.es5-BBnX5xw4.js
2026-05-16 20:24:20.372 23964-23964 Capacitor/Console       com.sitstand.timer                   I  File:  - Line 333 - Msg: {"value":null}
2026-05-16 20:24:20.372 23964-23964 Capacitor/Console       com.sitstand.timer                   I  File:  - Line 333 - Msg: {"value":null}
2026-05-16 20:24:20.372 23964-23964 Capacitor/Console       com.sitstand.timer                   I  File:  - Line 349 - Msg: [object Object]
2026-05-16 20:24:20.374 23964-23964 Capacitor/Console       com.sitstand.timer                   I  File:  - Line 349 - Msg: [object Object]
2026-05-16 20:24:20.376 23964-23964 Capacitor/Plugin        com.sitstand.timer                   V  To native (Capacitor plugin): callbackId: 115875080, pluginId: SplashScreen, methodName: hide
2026-05-16 20:24:20.376 23964-23964 Capacitor               com.sitstand.timer                   V  callback: 115875080, pluginId: SplashScreen, methodName: hide, methodData: {"fadeOutDuration":200}
2026-05-16 20:24:20.376 23964-23964 Capacitor/Plugin        com.sitstand.timer                   V  To native (Capacitor plugin): callbackId: 115875081, pluginId: GoogleAuth, methodName: initialize
2026-05-16 20:24:20.376 23964-23964 Capacitor               com.sitstand.timer                   V  callback: 115875081, pluginId: GoogleAuth, methodName: initialize, methodData: {}
2026-05-16 20:24:20.376 23964-24088 Capacitor               com.sitstand.timer                   D  Handling local request: https://localhost/favicon.svg
2026-05-16 20:24:20.377 23964-23964 Capacitor/Console       com.sitstand.timer                   I  File:  - Line 333 - Msg: undefined
2026-05-16 20:24:20.377 23964-23964 Capacitor/Console       com.sitstand.timer                   I  File:  - Line 333 - Msg: undefined
2026-05-16 20:24:20.381 23964-24088 Capacitor               com.sitstand.timer                   D  Handling local request: https://localhost/sw.js
2026-05-16 20:24:20.389 23964-24085 Capacitor               com.sitstand.timer                   D  Handling local request: https://localhost/assets/workbox-window.prod.es5-BBnX5xw4.js
2026-05-16 20:24:20.393 23964-24085 Capacitor               com.sitstand.timer                   D  Handling local request: https://localhost/assets/vendor-react-UBDYC0jf.js
2026-05-16 20:24:20.403 23964-24085 Capacitor               com.sitstand.timer                   D  Handling local request: https://localhost/assets/vendor-radix-BhL_FeHZ.js
2026-05-16 20:24:20.406 23964-24085 Capacitor               com.sitstand.timer                   D  Handling local request: https://localhost/assets/vendor-query-BmCY4Z4E.js
2026-05-16 20:24:20.408 23964-24085 Capacitor               com.sitstand.timer                   D  Handling local request: https://localhost/assets/vendor-clerk-BQdZlU3L.js
2026-05-16 20:24:20.411 23964-24085 Capacitor               com.sitstand.timer                   D  Handling local request: https://localhost/assets/vendor-charts-CS8cbwD1.js
2026-05-16 20:24:20.416 23964-24085 Capacitor               com.sitstand.timer                   D  Handling local request: https://localhost/assets/vendor-capacitor-Cvm4FjJ2.js
2026-05-16 20:24:20.420 23964-24085 Capacitor               com.sitstand.timer                   D  Handling local request: https://localhost/assets/slider-arbUD_fM.js
2026-05-16 20:24:20.422 23964-24085 Capacitor               com.sitstand.timer                   D  Handling local request: https://localhost/assets/not-found-DhJPLm8p.js
2026-05-16 20:24:20.424 23964-24085 Capacitor               com.sitstand.timer                   D  Handling local request: https://localhost/assets/index-CnMgioUn.js
2026-05-16 20:24:20.429 23964-24085 Capacitor               com.sitstand.timer                   D  Handling local request: https://localhost/assets/index-CBNmjRoY.css
2026-05-16 20:24:20.432 23964-24085 Capacitor               com.sitstand.timer                   D  Handling local request: https://localhost/assets/SignUpPage-CRY2j5CU.js
2026-05-16 20:24:20.434 23964-24085 Capacitor               com.sitstand.timer                   D  Handling local request: https://localhost/assets/SignInPage-LucEPEEX.js
2026-05-16 20:24:20.436 23964-24085 Capacitor               com.sitstand.timer                   D  Handling local request: https://localhost/assets/SettingsPage-CEDajEjm.js
2026-05-16 20:24:20.438 23964-24085 Capacitor               com.sitstand.timer                   D  Handling local request: https://localhost/assets/LandingPage-BfRmXRt7.js
2026-05-16 20:24:20.440 23964-24085 Capacitor               com.sitstand.timer                   D  Handling local request: https://localhost/assets/DashboardPage-BJ0kgGs0.js
2026-05-16 20:24:20.445 23964-24085 Capacitor               com.sitstand.timer                   D  Handling local request: https://localhost/assets/BladderStatsPage-hLi_3uG4.js
2026-05-16 20:24:20.447 23964-24085 Capacitor               com.sitstand.timer                   D  Handling local request: https://localhost/assets/BladderPage-D0qurSDU.js
2026-05-16 20:24:20.449 23964-24085 Capacitor               com.sitstand.timer                   D  Handling local request: https://localhost/favicon.svg
2026-05-16 20:24:20.451 23964-24085 Capacitor               com.sitstand.timer                   D  Handling local request: https://localhost/manifest.webmanifest
2026-05-16 20:24:20.652 23964-24184 ProfileInstaller        com.sitstand.timer                   D  Installing profile for com.sitstand.timer
2026-05-16 20:24:20.692 23964-23964 Capacitor/Console       com.sitstand.timer                   I  File:  - Line 349 - Msg: [object Object]
2026-05-16 20:24:20.693 23964-23964 Capacitor/Console       com.sitstand.timer                   I  File:  - Line 349 - Msg: [object Object]
2026-05-16 20:24:20.693 23964-23964 Capacitor/Plugin        com.sitstand.timer                   V  To native (Capacitor plugin): callbackId: 115875082, pluginId: Preferences, methodName: get
2026-05-16 20:24:20.693 23964-23964 Capacitor               com.sitstand.timer                   V  callback: 115875082, pluginId: Preferences, methodName: get, methodData: {"key":"auth_vault_v2"}
2026-05-16 20:24:20.693 23964-23964 Capacitor/Plugin        com.sitstand.timer                   V  To native (Capacitor plugin): callbackId: 115875083, pluginId: Preferences, methodName: get
2026-05-16 20:24:20.693 23964-23964 Capacitor               com.sitstand.timer                   V  callback: 115875083, pluginId: Preferences, methodName: get, methodData: {"key":"auth_vault_v2_ck"}
2026-05-16 20:24:20.694 23964-23964 Capacitor/Console       com.sitstand.timer                   I  File:  - Line 333 - Msg: {"value":null}
2026-05-16 20:24:20.694 23964-23964 Capacitor/Console       com.sitstand.timer                   I  File:  - Line 333 - Msg: {"value":null}
2026-05-16 20:24:20.694 23964-23964 Capacitor/Console       com.sitstand.timer                   I  File:  - Line 349 - Msg: [object Object]
2026-05-16 20:24:20.694 23964-23964 Capacitor/Plugin        com.sitstand.timer                   V  To native (Capacitor plugin): callbackId: 115875084, pluginId: App, methodName: addListener
2026-05-16 20:24:20.694 23964-23964 Capacitor               com.sitstand.timer                   V  callback: 115875084, pluginId: App, methodName: addListener, methodData: {"eventName":"appStateChange"}
2026-05-16 20:24:20.717 23964-23964 View                    com.sitstand.timer                   I  setRequestedFrameRate frameRate=-4.0, this=com.getcapacitor.CapacitorWebView{6880fe0 VFEDHVC.. .F...... 0,110-1080,2481 #7f0800ce app:id/webview aid=1073741824}, caller=android.view.ViewGroup.setRequestedFrameRate:9947 WV.zf.p:1 WV.zg.h:117 WV.zg.onDraw:7 com.android.webview.chromium.WebViewChromium.onDraw:19 
2026-05-16 20:24:20.725 23964-23964 View                    com.sitstand.timer                   I  setRequestedFrameRate frameRate=-4.0, this=com.getcapacitor.CapacitorWebView{6880fe0 VFEDHVC.. .F...... 0,110-1080,2481 #7f0800ce app:id/webview aid=1073741824}, caller=android.view.ViewGroup.setRequestedFrameRate:9947 WV.zf.p:1 WV.zg.h:117 WV.zg.onDraw:7 com.android.webview.chromium.WebViewChromium.onDraw:19 
2026-05-16 20:24:20.726 23964-24115 AdrenoVK-0              com.sitstand.timer                   I  Shader compilation failed for shaderType: 0
2026-05-16 20:24:20.726 23964-24115 AdrenoVK-0              com.sitstand.timer                   I  Pipeline create failed
2026-05-16 20:24:20.757 23964-24115 AdrenoVK-0              com.sitstand.timer                   I  Shader compilation failed for shaderType: 0
2026-05-16 20:24:20.757 23964-24115 AdrenoVK-0              com.sitstand.timer                   I  Pipeline create failed
2026-05-16 20:24:20.762 23964-24115 AdrenoVK-0              com.sitstand.timer                   I  Shader compilation failed for shaderType: 0
2026-05-16 20:24:20.762 23964-24115 AdrenoVK-0              com.sitstand.timer                   I  Pipeline create failed
2026-05-16 20:24:20.766 23964-24115 AdrenoVK-0              com.sitstand.timer                   I  Shader compilation failed for shaderType: 0
2026-05-16 20:24:20.767 23964-24115 AdrenoVK-0              com.sitstand.timer                   I  Pipeline create failed
2026-05-16 20:24:20.770 23964-24115 AdrenoVK-0              com.sitstand.timer                   I  Shader compilation failed for shaderType: 0
2026-05-16 20:24:20.770 23964-24115 AdrenoVK-0              com.sitstand.timer                   I  Pipeline create failed
2026-05-16 20:24:20.777 23964-24115 AdrenoVK-0              com.sitstand.timer                   I  Shader compilation failed for shaderType: 0
2026-05-16 20:24:20.778 23964-24115 AdrenoVK-0              com.sitstand.timer                   I  Pipeline create failed
2026-05-16 20:24:20.788 23964-24115 AdrenoVK-0              com.sitstand.timer                   I  Shader compilation failed for shaderType: 4
2026-05-16 20:24:20.788 23964-24115 AdrenoVK-0              com.sitstand.timer                   I  Pipeline create failed
2026-05-16 20:24:20.794 23964-24115 AdrenoVK-0              com.sitstand.timer                   I  Shader compilation failed for shaderType: 0
2026-05-16 20:24:20.794 23964-24115 AdrenoVK-0              com.sitstand.timer                   I  Pipeline create failed
2026-05-16 20:24:20.796 23964-24115 AdrenoVK-0              com.sitstand.timer                   I  Shader compilation failed for shaderType: 0
2026-05-16 20:24:20.796 23964-24115 AdrenoVK-0              com.sitstand.timer                   I  Pipeline create failed
2026-05-16 20:24:20.800 23964-24115 AdrenoVK-0              com.sitstand.timer                   I  Shader compilation failed for shaderType: 4
2026-05-16 20:24:20.800 23964-24115 AdrenoVK-0              com.sitstand.timer                   I  Pipeline create failed
2026-05-16 20:24:20.802 23964-24115 AdrenoVK-0              com.sitstand.timer                   I  Shader compilation failed for shaderType: 0
2026-05-16 20:24:20.802 23964-24115 AdrenoVK-0              com.sitstand.timer                   I  Pipeline create failed
2026-05-16 20:24:20.809 23964-24115 AdrenoVK-0              com.sitstand.timer                   I  Shader compilation failed for shaderType: 4
2026-05-16 20:24:20.809 23964-24115 AdrenoVK-0              com.sitstand.timer                   I  Pipeline create failed
2026-05-16 20:24:20.813 23964-24115 AdrenoVK-0              com.sitstand.timer                   I  Shader compilation failed for shaderType: 0
2026-05-16 20:24:20.814 23964-24115 AdrenoVK-0              com.sitstand.timer                   I  Pipeline create failed
2026-05-16 20:24:20.819 23964-24115 AdrenoVK-0              com.sitstand.timer                   I  Shader compilation failed for shaderType: 4
2026-05-16 20:24:20.819 23964-24115 AdrenoVK-0              com.sitstand.timer                   I  Pipeline create failed
2026-05-16 20:24:20.821 23964-24115 AdrenoVK-0              com.sitstand.timer                   I  Shader compilation failed for shaderType: 0
2026-05-16 20:24:20.821 23964-24115 AdrenoVK-0              com.sitstand.timer                   I  Pipeline create failed
2026-05-16 20:24:20.834 23964-23964 View                    com.sitstand.timer                   I  setRequestedFrameRate frameRate=-4.0, this=com.getcapacitor.CapacitorWebView{6880fe0 VFEDHVC.. .F...... 0,110-1080,2481 #7f0800ce app:id/webview aid=1073741824}, caller=android.view.ViewGroup.setRequestedFrameRate:9947 WV.zf.p:1 WV.zg.h:117 WV.zg.onDraw:7 com.android.webview.chromium.WebViewChromium.onDraw:19 
2026-05-16 20:24:21.063 23964-23964 Capacitor/Console       com.sitstand.timer                   W  File: https://cdn.jsdelivr.net/npm/@clerk/clerk-js@6.10.1/dist/clerk.browser.js - Line 12 - Msg: Clerk: Clerk has been loaded with development keys. Development instances have strict usage limits and should not be used when deploying your application to production. Learn more: https://clerk.com/docs/deployments/overview
2026-05-16 20:24:21.200 23964-23964 Capacitor/Console       com.sitstand.timer                   E  File: https://localhost/assets/vendor-clerk-BQdZlU3L.js - Line 15 - Msg: Error: ClerkJS: Something went wrong initializing Clerk in development mode.
                                                                                                        at tA (https://cdn.jsdelivr.net/npm/@clerk/clerk-js@6.10.1/dist/clerk.browser.js:16:20213)
                                                                                                        at Object.e [as setup] (https://cdn.jsdelivr.net/npm/@clerk/clerk-js@6.10.1/dist/clerk.browser.js:18:149730)
                                                                                                        at async nE.setupDevelopment (https://cdn.jsdelivr.net/npm/@clerk/clerk-js@6.10.1/dist/clerk.browser.js:18:150395)
                                                                                                        at async nE.create (https://cdn.jsdelivr.net/npm/@clerk/clerk-js@6.10.1/dist/clerk.browser.js:18:146709)
                                                                                                        at async #em (https://cdn.jsdelivr.net/npm/@clerk/clerk-js@6.10.1/dist/clerk.browser.js:18:205936)
                                                                                                        at async nV.load (https://cdn.jsdelivr.net/npm/@clerk/clerk-js@6.10.1/dist/clerk.browser.js:18:166880)
                                                                                                        at async Gt.getEntryChunks (https://localhost/assets/vendor-clerk-BQdZlU3L.js:15:40779)
2026-05-16 20:24:22.739 23964-23964 VRI[MainAc...y]@92cadcf com.sitstand.timer                   I  ViewPostIme pointer 0
2026-05-16 20:24:22.742 23964-23964 VRI[MainAc...y]@92cadcf com.sitstand.timer                   I  call setFrameRateCategory for touch hint category=high hint, reason=touch, vri=VRI[MainActivity]@92cadcf
2026-05-16 20:24:22.861 23964-23964 VRI[MainAc...y]@92cadcf com.sitstand.timer                   I  ViewPostIme pointer 1
2026-05-16 20:24:22.865 23964-23964 Capacitor/Console       com.sitstand.timer                   I  File:  - Line 349 - Msg: [object Object]
2026-05-16 20:24:22.866 23964-23964 Capacitor/Plugin        com.sitstand.timer                   V  To native (Capacitor plugin): callbackId: 115875085, pluginId: GoogleAuth, methodName: signIn
2026-05-16 20:24:22.866 23964-23964 Capacitor               com.sitstand.timer                   V  callback: 115875085, pluginId: GoogleAuth, methodName: signIn, methodData: {}
2026-05-16 20:24:22.879 23964-23964 View                    com.sitstand.timer                   I  setRequestedFrameRate frameRate=-4.0, this=com.getcapacitor.CapacitorWebView{6880fe0 VFEDHVC.. .F...... 0,110-1080,2481 #7f0800ce app:id/webview aid=1073741824}, caller=android.view.ViewGroup.setRequestedFrameRate:9947 WV.zf.p:1 WV.zg.h:117 WV.zg.onDraw:7 com.android.webview.chromium.WebViewChromium.onDraw:19 
2026-05-16 20:24:22.888 23964-23964 View                    com.sitstand.timer                   I  setRequestedFrameRate frameRate=-4.0, this=com.getcapacitor.CapacitorWebView{6880fe0 VFEDHVC.. .F...... 0,110-1080,2481 #7f0800ce app:id/webview aid=1073741824}, caller=android.view.ViewGroup.setRequestedFrameRate:9947 WV.zf.p:1 WV.zg.h:117 WV.zg.onDraw:7 com.android.webview.chromium.WebViewChromium.onDraw:19 
2026-05-16 20:24:22.894 23964-24115 AdrenoVK-0              com.sitstand.timer                   I  Shader compilation failed for shaderType: 4
2026-05-16 20:24:22.894 23964-24115 AdrenoVK-0              com.sitstand.timer                   I  Pipeline create failed
2026-05-16 20:24:22.900 23964-24115 AdrenoVK-0              com.sitstand.timer                   I  Shader compilation failed for shaderType: 4
2026-05-16 20:24:22.900 23964-24115 AdrenoVK-0              com.sitstand.timer                   I  Pipeline create failed
2026-05-16 20:24:22.904 23964-24115 AdrenoVK-0              com.sitstand.timer                   I  Shader compilation failed for shaderType: 4
2026-05-16 20:24:22.904 23964-24115 AdrenoVK-0              com.sitstand.timer                   I  Pipeline create failed
2026-05-16 20:24:22.908 23964-24115 AdrenoVK-0              com.sitstand.timer                   I  Shader compilation failed for shaderType: 4
2026-05-16 20:24:22.908 23964-24115 AdrenoVK-0              com.sitstand.timer                   I  Pipeline create failed
2026-05-16 20:24:22.926 23964-23964 Capacitor/AppPlugin     com.sitstand.timer                   V  Notifying listeners for event pause
2026-05-16 20:24:22.926 23964-23964 Capacitor/AppPlugin     com.sitstand.timer                   D  No listeners found for event pause
2026-05-16 20:24:22.928 23964-23964 Capacitor               com.sitstand.timer                   D  App paused
2026-05-16 20:24:22.931 23964-23964 View                    com.sitstand.timer                   I  setRequestedFrameRate frameRate=-4.0, this=com.getcapacitor.CapacitorWebView{6880fe0 VFEDHVC.. .F...... 0,110-1080,2481 #7f0800ce app:id/webview aid=1073741824}, caller=android.view.ViewGroup.setRequestedFrameRate:9947 WV.zf.p:1 WV.zg.h:117 WV.zg.onDraw:7 com.android.webview.chromium.WebViewChromium.onDraw:19 
2026-05-16 20:24:22.933 23964-23964 ActivityThread          com.sitstand.timer                   D  com.sitstand.timer will use render engine as VK
2026-05-16 20:24:22.941 23964-23964 DecorView               com.sitstand.timer                   I  setWindowBackground: isPopOver=false color=0 d=android.graphics.drawable.ColorDrawable@181f702
2026-05-16 20:24:22.942 23964-23964 ViewRootImpl            com.sitstand.timer                   D  desktopMode is false
2026-05-16 20:24:22.942 23964-23964 ViewRootImpl            com.sitstand.timer                   I  dVRR is disabled
2026-05-16 20:24:22.942 23964-24064 NativeCust...ncyManager com.sitstand.timer                   D  [NativeCFMS] BpCustomFrequencyManager::BpCustomFrequencyManager()
2026-05-16 20:24:22.944 23964-23964 InputTransport          com.sitstand.timer                   D  Input channel constructed: '9bd3366', fd=331
2026-05-16 20:24:22.944 23964-23964 InsetsController        com.sitstand.timer                   I  onStateChanged: host=com.sitstand.timer/com.google.android.gms.auth.api.signin.internal.SignInHubActivity, from=android.view.ViewRootImpl.onInsetsStateChanged:3011, state=InsetsState: {mDisplayFrame=Rect(0, 0 - 1080, 2520), mDisplayCutout=DisplayCutout{insets=Rect(0, 110 - 0, 0) waterfall=Insets{left=0, top=0, right=0, bottom=0} boundingRect={Bounds=[Rect(0, 0 - 0, 0), Rect(510, 0 - 570, 110), Rect(0, 0 - 0, 0), Rect(0, 0 - 0, 0)]} cutoutPathParserInfo={CutoutPathParserInfo{displayWidth=1080 displayHeight=2520 physicalDisplayWidth=1080 physicalDisplayHeight=2520 density={2.625} cutoutSpec={M 0,0 H -11.42857142857143 V 41.9047619047619 H 11.42857142857143 V 0 H 0 Z @dp} rotation={0} scale={1.0} physicalPixelDisplaySizeRatio={1.0}}} sideOverrides={}}, mRoundedCorners=RoundedCorners{[RoundedCorner{position=TopLeft, radius=13, center=Point(13, 13)}, RoundedCorner{position=TopRight, radius=13, center=Point(1067, 13)}, RoundedCorner{position=BottomRight, radius=13, center=Point(1067, 2507)}, RoundedCorner{position=BottomLeft, radius=13, center=Point(13, 2507)}]}  mRoundedCornerFrame=Rect(0, 0 - 1080, 2520), mPrivacyIndicatorBounds=PrivacyIndicatorBounds {static bounds=Rect(964, 0 - 1080, 110) rotation=0}, mDisplayShape=DisplayShape{ spec=-311912193 displayWidth=1080 displayHeight=2520 physicalPixelDisplaySizeRatio=1.0 rotation=0 offsetX=0 offsetY=0 scale=1.0}, mSources= { InsetsSource: {b49d0001 mType=navigationBars mFrame=[0,2481][1080,2520] mVisible=true mFlags=SUPPRESS_SCRIM mSideHint=BOTTOM mBoundingRects=null}, InsetsSource: {b49d0004 mType=systemGestures mFrame=[0,0][78,2520] mVisible=true mFlags= mSideHint=LEFT mBoundingRects=null}, InsetsSource: {b49d0005 mType=mandatorySystemGestures mFrame=[0,2436][1080,2520] mVisible=true mFlags= mSideHint=BOTTOM mBoundingRects=null}, InsetsSource: {b49d0006 mType=tappableElement mFrame=[0,0][0,0] mVisible=true mFlags= mSideHint=NONE mBoundingRects=null}, InsetsSource: {b49d0024 mType=systemGestures mFrame=[1002,0][1080,2520] mVisible=true mFlags= mSideHint=RIGHT mBoundingRects=null}, InsetsSource: {ecfb0000 mType=statusBars mFrame=[0,0][1080,110] mVisible=true mFlags= mSideHint=TOP mBoundingRects=null}, InsetsSource: {ecfb0005 mType=mandatorySystemGestures mFrame=[0,0][1080,142] mVisible=true mFlags= mSideHint=TOP mBoundingRects=null}, InsetsSource: {ecfb0006 mType=tappableElement mFrame=[0,0][1080,110] mVisible=true mFlags= mSideHint=TOP mBoundingRects=null}, InsetsSource: {27 mType=displayCutout mFrame=[0,0][1080,110] mVisible=true mFlags= mSideHint=TOP mBoundingRects=null} }
2026-05-16 20:24:22.944 23964-23964 VRI[SignIn...y]@2b6dc05 com.sitstand.timer                   I  synced displayState. AttachInfo displayState=2
2026-05-16 20:24:22.945 23964-23964 VRI[SignIn...y]@2b6dc05 com.sitstand.timer                   I  setView = com.android.internal.policy.DecorView@a526368 IsHRR=false mFlingFrameRateChange=0 TM=true
2026-05-16 20:24:22.948 23964-23964 InsetsController        com.sitstand.timer                   I  onStateChanged: host=com.sitstand.timer/com.google.android.gms.auth.api.signin.internal.SignInHubActivity, from=android.view.ViewRootImpl.onInsetsStateChanged:3011, state=InsetsState: {mDisplayFrame=Rect(0, 0 - 1080, 2520), mDisplayCutout=DisplayCutout{insets=Rect(0, 110 - 0, 0) waterfall=Insets{left=0, top=0, right=0, bottom=0} boundingRect={Bounds=[Rect(0, 0 - 0, 0), Rect(510, 0 - 570, 110), Rect(0, 0 - 0, 0), Rect(0, 0 - 0, 0)]} cutoutPathParserInfo={CutoutPathParserInfo{displayWidth=1080 displayHeight=2520 physicalDisplayWidth=1080 physicalDisplayHeight=2520 density={2.625} cutoutSpec={M 0,0 H -11.42857142857143 V 41.9047619047619 H 11.42857142857143 V 0 H 0 Z @dp} rotation={0} scale={1.0} physicalPixelDisplaySizeRatio={1.0}}} sideOverrides={}}, mRoundedCorners=RoundedCorners{[RoundedCorner{position=TopLeft, radius=13, center=Point(13, 13)}, RoundedCorner{position=TopRight, radius=13, center=Point(1067, 13)}, RoundedCorner{position=BottomRight, radius=13, center=Point(1067, 2507)}, RoundedCorner{position=BottomLeft, radius=13, center=Point(13, 2507)}]}  mRoundedCornerFrame=Rect(0, 0 - 1080, 2520), mPrivacyIndicatorBounds=PrivacyIndicatorBounds {static bounds=Rect(964, 0 - 1080, 110) rotation=0}, mDisplayShape=DisplayShape{ spec=-311912193 displayWidth=1080 displayHeight=2520 physicalPixelDisplaySizeRatio=1.0 rotation=0 offsetX=0 offsetY=0 scale=1.0}, mSources= { InsetsSource: {b49d0001 mType=navigationBars mFrame=[0,2481][1080,2520] mVisible=true mFlags=SUPPRESS_SCRIM mSideHint=BOTTOM mBoundingRects=null}, InsetsSource: {b49d0004 mType=systemGestures mFrame=[0,0][78,2520] mVisible=true mFlags= mSideHint=LEFT mBoundingRects=null}, InsetsSource: {b49d0005 mType=mandatorySystemGestures mFrame=[0,2436][1080,2520] mVisible=true mFlags= mSideHint=BOTTOM mBoundingRects=null}, InsetsSource: {b49d0006 mType=tappableElement mFrame=[0,0][0,0] mVisible=true mFlags= mSideHint=NONE mBoundingRects=null}, InsetsSource: {b49d0024 mType=systemGestures mFrame=[1002,0][1080,2520] mVisible=true mFlags= mSideHint=RIGHT mBoundingRects=null}, InsetsSource: {ecfb0000 mType=statusBars mFrame=[0,0][1080,110] mVisible=true mFlags= mSideHint=TOP mBoundingRects=null}, InsetsSource: {ecfb0005 mType=mandatorySystemGestures mFrame=[0,0][1080,142] mVisible=true mFlags= mSideHint=TOP mBoundingRects=null}, InsetsSource: {ecfb0006 mType=tappableElement mFrame=[0,0][1080,110] mVisible=true mFlags= mSideHint=TOP mBoundingRects=null}, InsetsSource: {3 mType=ime mFrame=[0,0][0,0] mVisible=false mFlags= mSideHint=NONE mBoundingRects=null}, InsetsSource: {27 mType=displayCutout mFrame=[0,0][1080,110] mVisible=true mFlags= mSideHint=TOP mBoundingRects=null} }
2026-05-16 20:24:22.948 23964-23964 libc                    com.sitstand.timer                   W  Access denied finding property "vendor.gpp.create_frc_extension"
2026-05-16 20:24:22.948 23964-23964 BufferQueueProducer     com.sitstand.timer                   I  [](id:5d9c00000001,api:0,p:7077993,c:23964) setDequeueTimeout:2077252342
2026-05-16 20:24:22.948 23964-23964 BLASTBufferQueue_Java   com.sitstand.timer                   I  new BLASTBufferQueue, mName= VRI[SignInHubActivity]@2b6dc05 mNativeObject= 0xb400007102688840 caller= android.view.ViewRootImpl.updateBlastSurfaceIfNeeded:3570 android.view.ViewRootImpl.relayoutWindow:11614 android.view.ViewRootImpl.performTraversals:4755 android.view.ViewRootImpl.doTraversal:3904 android.view.ViewRootImpl$TraversalRunnable.run:12819 android.view.Choreographer$CallbackRecord.run:1901 android.view.Choreographer$CallbackRecord.run:1910 android.view.Choreographer.doCallbacks:1367 android.view.Choreographer.doFrame:1292 android.view.Choreographer$FrameDisplayEventReceiver.run:1870 
2026-05-16 20:24:22.949 23964-23964 BLASTBufferQueue_Java   com.sitstand.timer                   I  update, w= 1080 h= 2520 mName = VRI[SignInHubActivity]@2b6dc05 mNativeObject= 0xb400007102688840 sc.mNativeObject= 0xb40000718260af10 format= -2 caller= android.view.ViewRootImpl.updateBlastSurfaceIfNeeded:3575 android.view.ViewRootImpl.relayoutWindow:11614 android.view.ViewRootImpl.performTraversals:4755 android.view.ViewRootImpl.doTraversal:3904 android.view.ViewRootImpl$TraversalRunnable.run:12819 android.view.Choreographer$CallbackRecord.run:1901 
2026-05-16 20:24:22.949 23964-23964 libc                    com.sitstand.timer                   W  Access denied finding property "vendor.gpp.create_frc_extension"
2026-05-16 20:24:22.949 23964-23964 VRI[SignIn...y]@2b6dc05 com.sitstand.timer                   I  Relayout returned: old=(0,0,1080,2520) new=(0,0,1080,2520) relayoutAsync=false req=(1080,2520)0 dur=2 res=0x3 s={true 0xb400007272686f60} ch=true seqId=0
2026-05-16 20:24:22.949 23964-23964 VRI[SignIn...y]@2b6dc05 com.sitstand.timer                   I  performConfigurationChange setNightDimText nightDimLevel=0
2026-05-16 20:24:22.949 23964-23964 VRI[SignIn...y]@2b6dc05 com.sitstand.timer                   D  mThreadedRenderer.initialize() mSurface={isValid=true 0xb400007272686f60} hwInitialized=true
2026-05-16 20:24:22.949 23964-23964 VRI[SignIn...y]@2b6dc05 com.sitstand.timer                   D  reportNextDraw android.view.ViewRootImpl.performTraversals:5394 android.view.ViewRootImpl.doTraversal:3904 android.view.ViewRootImpl$TraversalRunnable.run:12819 android.view.Choreographer$CallbackRecord.run:1901 android.view.Choreographer$CallbackRecord.run:1910 
2026-05-16 20:24:22.949 23964-23964 VRI[SignIn...y]@2b6dc05 com.sitstand.timer                   D  Setup new sync=wmsSync-VRI[SignInHubActivity]@2b6dc05#2
2026-05-16 20:24:22.949 23964-23964 VRI[SignIn...y]@2b6dc05 com.sitstand.timer                   I  Creating new active sync group VRI[SignInHubActivity]@2b6dc05#3
2026-05-16 20:24:22.950 23964-23964 VRI[SignIn...y]@2b6dc05 com.sitstand.timer                   D  registerCallbacksForSync syncBuffer=false
2026-05-16 20:24:22.950 23964-24128 VRI[SignIn...y]@2b6dc05 com.sitstand.timer                   D  Received frameDrawingCallback syncResult=0 frameNum=1.
2026-05-16 20:24:22.950 23964-24128 VRI[SignIn...y]@2b6dc05 com.sitstand.timer                   I  mWNT: t=0xb400007172678250 mBlastBufferQueue=0xb400007102688840 fn= 1 HdrRenderState mRenderHdrSdrRatio=1.0 caller= android.view.ViewRootImpl$12.onFrameDraw:15352 android.view.ThreadedRenderer$1.onFrameDraw:718 <bottom of call stack> 
2026-05-16 20:24:22.950 23964-24128 VRI[SignIn...y]@2b6dc05 com.sitstand.timer                   I  Setting up sync and frameCommitCallback
2026-05-16 20:24:22.960 23964-24064 BLASTBufferQueue        com.sitstand.timer                   I  [VRI[SignInHubActivity]@2b6dc05#1](f:0,a:0,s:0) onFrameAvailable the first frame is available
2026-05-16 20:24:22.960 23964-24064 SurfaceComposerClient   com.sitstand.timer                   I  apply transaction with the first frame. layerId: 1208, bufferData(ID: 102924596281354, frameNumber: 1)
2026-05-16 20:24:22.960 23964-24064 VRI[SignIn...y]@2b6dc05 com.sitstand.timer                   I  Received frameCommittedCallback lastAttemptedDrawFrameNum=1 didProduceBuffer=true
2026-05-16 20:24:22.960 23964-24064 HWUI                    com.sitstand.timer                   D  CFMS:: SetUp Pid : 23964    Tid : 24064
2026-05-16 20:24:22.960 23964-23964 VRI[SignIn...y]@2b6dc05 com.sitstand.timer                   D  reportDrawFinished seqId=0
2026-05-16 20:24:22.961 23964-23964 View                    com.sitstand.timer                   I  setRequestedFrameRate frameRate=-4.0, this=com.getcapacitor.CapacitorWebView{6880fe0 VFEDHVC.. .F...... 0,110-1080,2481 #7f0800ce app:id/webview aid=1073741824}, caller=android.view.ViewGroup.setRequestedFrameRate:9947 WV.zf.p:1 WV.zg.h:117 WV.zg.onDraw:7 com.android.webview.chromium.WebViewChromium.onDraw:19 
2026-05-16 20:24:22.965 23964-24064 HWUI                    com.sitstand.timer                   D  HWUI - treat SMPTE_170M as sRGB
2026-05-16 20:24:22.965 23964-23964 ImeFocusController      com.sitstand.timer                   I  onPreWindowFocus: skipped hasWindowFocus=false mHasImeFocus=true
2026-05-16 20:24:22.965 23964-23964 ImeFocusController      com.sitstand.timer                   I  onPostWindowFocus: skipped hasWindowFocus=false mHasImeFocus=true
2026-05-16 20:24:22.970 23964-23964 View                    com.sitstand.timer                   I  setRequestedFrameRate frameRate=-4.0, this=com.getcapacitor.CapacitorWebView{6880fe0 VFEDHVC.. .F...... 0,110-1080,2481 #7f0800ce app:id/webview aid=1073741824}, caller=android.view.ViewGroup.setRequestedFrameRate:9947 WV.zf.p:1 WV.zg.h:117 WV.zg.onDraw:7 com.android.webview.chromium.WebViewChromium.onDraw:19 
2026-05-16 20:24:22.971 23964-23964 InsetsSourceConsumer    com.sitstand.timer                   I  applyRequestedVisibilityToControl: visible=true, type=statusBars, host=com.sitstand.timer/com.google.android.gms.auth.api.signin.internal.SignInHubActivity
2026-05-16 20:24:22.971 23964-23964 InsetsSourceConsumer    com.sitstand.timer                   I  applyRequestedVisibilityToControl: visible=true, type=navigationBars, host=com.sitstand.timer/com.google.android.gms.auth.api.signin.internal.SignInHubActivity
2026-05-16 20:24:22.984 23964-23964 View                    com.sitstand.timer                   I  setRequestedFrameRate frameRate=-4.0, this=com.getcapacitor.CapacitorWebView{6880fe0 VFEDHVC.. .F...... 0,110-1080,2481 #7f0800ce app:id/webview aid=1073741824}, caller=android.view.ViewGroup.setRequestedFrameRate:9947 WV.zf.p:1 WV.zg.h:117 WV.zg.onDraw:7 com.android.webview.chromium.WebViewChromium.onDraw:19 
2026-05-16 20:24:22.992 23964-23964 View                    com.sitstand.timer                   I  setRequestedFrameRate frameRate=-4.0, this=com.getcapacitor.CapacitorWebView{6880fe0 VFEDHVC.. .F...... 0,110-1080,2481 #7f0800ce app:id/webview aid=1073741824}, caller=android.view.ViewGroup.setRequestedFrameRate:9947 WV.zf.p:1 WV.zg.h:117 WV.zg.onDraw:7 com.android.webview.chromium.WebViewChromium.onDraw:19 
2026-05-16 20:24:22.994 23964-23964 View                    com.sitstand.timer                   I  setRequestedFrameRate frameRate=-4.0, this=com.getcapacitor.CapacitorWebView{6880fe0 VFEDHVC.. .F...... 0,110-1080,2481 #7f0800ce app:id/webview aid=1073741824}, caller=android.view.ViewGroup.setRequestedFrameRate:9947 WV.zf.p:1 WV.zg.h:117 WV.zg.onDraw:7 com.android.webview.chromium.WebViewChromium.onDraw:19 
2026-05-16 20:24:22.994 23964-23964 InsetsSourceConsumer    com.sitstand.timer                   I  applyRequestedVisibilityToControl: visible=true, type=statusBars, host=com.sitstand.timer/com.sitstand.timer.MainActivity
2026-05-16 20:24:22.995 23964-23964 InsetsSourceConsumer    com.sitstand.timer                   I  applyRequestedVisibilityToControl: visible=true, type=navigationBars, host=com.sitstand.timer/com.sitstand.timer.MainActivity
2026-05-16 20:24:23.001  1873-1873  SurfaceFlinger          surfaceflinger                       E  alpha changed 1.000 -> 0.000 - ActivityRecord{249806543 u0 com.sitstand.timer/com.google.android.gms.auth.api.signin.internal.SignInHubActivity t11287}#1205
2026-05-16 20:24:23.001  1873-1873  SurfaceFlinger          surfaceflinger                       E  alpha changed 0.000 -> 1.000 - ActivityRecord{249806543 u0 com.sitstand.timer/com.google.android.gms.auth.api.signin.internal.SignInHubActivity t11287}#1205
2026-05-16 20:24:23.002 23964-23964 View                    com.sitstand.timer                   I  setRequestedFrameRate frameRate=-4.0, this=com.getcapacitor.CapacitorWebView{6880fe0 VFEDHVC.. .F...... 0,110-1080,2481 #7f0800ce app:id/webview aid=1073741824}, caller=android.view.ViewGroup.setRequestedFrameRate:9947 WV.zf.p:1 WV.zg.h:117 WV.zg.onDraw:7 com.android.webview.chromium.WebViewChromium.onDraw:19 
2026-05-16 20:24:23.004 23964-23964 VRI[SignIn...y]@2b6dc05 com.sitstand.timer                   D  mThreadedRenderer.initializeIfNeeded()#2 mSurface={isValid=true 0xb400007272686f60}
2026-05-16 20:24:23.004 23964-23964 InputMethodManagerUtils com.sitstand.timer                   D  startInputInner - Id : 0
2026-05-16 20:24:23.004 23964-23964 InputMethodManager      com.sitstand.timer                   I  startInputInner - IInputMethodManagerGlobalInvoker.startInputOrWindowGainedFocus
2026-05-16 20:24:23.010 23964-23964 View                    com.sitstand.timer                   I  setRequestedFrameRate frameRate=-4.0, this=com.getcapacitor.CapacitorWebView{6880fe0 VFEDHVC.. .F...... 0,110-1080,2481 #7f0800ce app:id/webview aid=1073741824}, caller=android.view.ViewGroup.setRequestedFrameRate:9947 WV.zf.p:1 WV.zg.h:117 WV.zg.onDraw:7 com.android.webview.chromium.WebViewChromium.onDraw:19 
2026-05-16 20:24:23.012 23964-23964 ImeFocusController      com.sitstand.timer                   I  onPreWindowFocus: skipped hasWindowFocus=false mHasImeFocus=true
2026-05-16 20:24:23.012 23964-23964 ImeFocusController      com.sitstand.timer                   I  onPostWindowFocus: skipped hasWindowFocus=false mHasImeFocus=true
2026-05-16 20:24:23.019 23964-23964 View                    com.sitstand.timer                   I  setRequestedFrameRate frameRate=-4.0, this=com.getcapacitor.CapacitorWebView{6880fe0 VFEDHVC.. .F...... 0,110-1080,2481 #7f0800ce app:id/webview aid=1073741824}, caller=android.view.ViewGroup.setRequestedFrameRate:9947 WV.zf.p:1 WV.zg.h:117 WV.zg.onDraw:7 com.android.webview.chromium.WebViewChromium.onDraw:19 
2026-05-16 20:24:23.023 23964-23964 InputTransport          com.sitstand.timer                   D  Input channel destroyed: 'ClientS', fd=254
2026-05-16 20:24:23.027 23964-23964 View                    com.sitstand.timer                   I  setRequestedFrameRate frameRate=-4.0, this=com.getcapacitor.CapacitorWebView{6880fe0 VFEDHVC.. .F...... 0,110-1080,2481 #7f0800ce app:id/webview aid=1073741824}, caller=android.view.ViewGroup.setRequestedFrameRate:9947 WV.zf.p:1 WV.zg.h:117 WV.zg.onDraw:7 com.android.webview.chromium.WebViewChromium.onDraw:19 
2026-05-16 20:24:23.029 23964-23964 InsetsSourceConsumer    com.sitstand.timer                   I  applyRequestedVisibilityToControl: visible=true, type=statusBars, host=com.sitstand.timer/com.google.android.gms.auth.api.signin.internal.SignInHubActivity
2026-05-16 20:24:23.029 23964-23964 InsetsSourceConsumer    com.sitstand.timer                   I  applyRequestedVisibilityToControl: visible=true, type=navigationBars, host=com.sitstand.timer/com.google.android.gms.auth.api.signin.internal.SignInHubActivity
2026-05-16 20:24:23.035 23964-23964 View                    com.sitstand.timer                   I  setRequestedFrameRate frameRate=-4.0, this=com.getcapacitor.CapacitorWebView{6880fe0 VFEDHVC.. .F...... 0,110-1080,2481 #7f0800ce app:id/webview aid=1073741824}, caller=android.view.ViewGroup.setRequestedFrameRate:9947 WV.zf.p:1 WV.zg.h:117 WV.zg.onDraw:7 com.android.webview.chromium.WebViewChromium.onDraw:19 
2026-05-16 20:24:23.044 23964-23964 View                    com.sitstand.timer                   I  setRequestedFrameRate frameRate=-4.0, this=com.getcapacitor.CapacitorWebView{6880fe0 VFEDHVC.. .F...... 0,110-1080,2481 #7f0800ce app:id/webview aid=1073741824}, caller=android.view.ViewGroup.setRequestedFrameRate:9947 WV.zf.p:1 WV.zg.h:117 WV.zg.onDraw:7 com.android.webview.chromium.WebViewChromium.onDraw:19 
2026-05-16 20:24:23.052 23964-23964 View                    com.sitstand.timer                   I  setRequestedFrameRate frameRate=-4.0, this=com.getcapacitor.CapacitorWebView{6880fe0 VFEDHVC.. .F...... 0,110-1080,2481 #7f0800ce app:id/webview aid=1073741824}, caller=android.view.ViewGroup.setRequestedFrameRate:9947 WV.zf.p:1 WV.zg.h:117 WV.zg.onDraw:7 com.android.webview.chromium.WebViewChromium.onDraw:19 
2026-05-16 20:24:23.060 23964-23964 View                    com.sitstand.timer                   I  setRequestedFrameRate frameRate=-4.0, this=com.getcapacitor.CapacitorWebView{6880fe0 VFEDHVC.. .F...... 0,110-1080,2481 #7f0800ce app:id/webview aid=1073741824}, caller=android.view.ViewGroup.setRequestedFrameRate:9947 WV.zf.p:1 WV.zg.h:117 WV.zg.onDraw:7 com.android.webview.chromium.WebViewChromium.onDraw:19 
2026-05-16 20:24:23.068 23964-23964 View                    com.sitstand.timer                   I  setRequestedFrameRate frameRate=-4.0, this=com.getcapacitor.CapacitorWebView{6880fe0 VFEDHVC.. .F...... 0,110-1080,2481 #7f0800ce app:id/webview aid=1073741824}, caller=android.view.ViewGroup.setRequestedFrameRate:9947 WV.zf.p:1 WV.zg.h:117 WV.zg.onDraw:7 com.android.webview.chromium.WebViewChromium.onDraw:19 
2026-05-16 20:24:23.077 23964-23964 View                    com.sitstand.timer                   I  setRequestedFrameRate frameRate=-4.0, this=com.getcapacitor.CapacitorWebView{6880fe0 VFEDHVC.. .F...... 0,110-1080,2481 #7f0800ce app:id/webview aid=1073741824}, caller=android.view.ViewGroup.setRequestedFrameRate:9947 WV.zf.p:1 WV.zg.h:117 WV.zg.onDraw:7 com.android.webview.chromium.WebViewChromium.onDraw:19 
2026-05-16 20:24:23.085 23964-23964 View                    com.sitstand.timer                   I  setRequestedFrameRate frameRate=-4.0, this=com.getcapacitor.CapacitorWebView{6880fe0 VFEDHVC.. .F...... 0,110-1080,2481 #7f0800ce app:id/webview aid=1073741824}, caller=android.view.ViewGroup.setRequestedFrameRate:9947 WV.zf.p:1 WV.zg.h:117 WV.zg.onDraw:7 com.android.webview.chromium.WebViewChromium.onDraw:19 
2026-05-16 20:24:23.093 23964-23964 View                    com.sitstand.timer                   I  setRequestedFrameRate frameRate=-4.0, this=com.getcapacitor.CapacitorWebView{6880fe0 VFEDHVC.. .F...... 0,110-1080,2481 #7f0800ce app:id/webview aid=1073741824}, caller=android.view.ViewGroup.setRequestedFrameRate:9947 WV.zf.p:1 WV.zg.h:117 WV.zg.onDraw:7 com.android.webview.chromium.WebViewChromium.onDraw:19 
2026-05-16 20:24:23.102 23964-23964 View                    com.sitstand.timer                   I  setRequestedFrameRate frameRate=-4.0, this=com.getcapacitor.CapacitorWebView{6880fe0 VFEDHVC.. .F...... 0,110-1080,2481 #7f0800ce app:id/webview aid=1073741824}, caller=android.view.ViewGroup.setRequestedFrameRate:9947 WV.zf.p:1 WV.zg.h:117 WV.zg.onDraw:7 com.android.webview.chromium.WebViewChromium.onDraw:19 
2026-05-16 20:24:23.110 23964-23964 View                    com.sitstand.timer                   I  setRequestedFrameRate frameRate=-4.0, this=com.getcapacitor.CapacitorWebView{6880fe0 VFEDHVC.. .F...... 0,110-1080,2481 #7f0800ce app:id/webview aid=1073741824}, caller=android.view.ViewGroup.setRequestedFrameRate:9947 WV.zf.p:1 WV.zg.h:117 WV.zg.onDraw:7 com.android.webview.chromium.WebViewChromium.onDraw:19 
2026-05-16 20:24:23.119 23964-23964 View                    com.sitstand.timer                   I  setRequestedFrameRate frameRate=-4.0, this=com.getcapacitor.CapacitorWebView{6880fe0 VFEDHVC.. .F...... 0,110-1080,2481 #7f0800ce app:id/webview aid=1073741824}, caller=android.view.ViewGroup.setRequestedFrameRate:9947 WV.zf.p:1 WV.zg.h:117 WV.zg.onDraw:7 com.android.webview.chromium.WebViewChromium.onDraw:19 
2026-05-16 20:24:23.127 23964-23964 View                    com.sitstand.timer                   I  setRequestedFrameRate frameRate=-4.0, this=com.getcapacitor.CapacitorWebView{6880fe0 VFEDHVC.. .F...... 0,110-1080,2481 #7f0800ce app:id/webview aid=1073741824}, caller=android.view.ViewGroup.setRequestedFrameRate:9947 WV.zf.p:1 WV.zg.h:117 WV.zg.onDraw:7 com.android.webview.chromium.WebViewChromium.onDraw:19 
2026-05-16 20:24:23.135 23964-23964 View                    com.sitstand.timer                   I  setRequestedFrameRate frameRate=-4.0, this=com.getcapacitor.CapacitorWebView{6880fe0 VFEDHVC.. .F...... 0,110-1080,2481 #7f0800ce app:id/webview aid=1073741824}, caller=android.view.ViewGroup.setRequestedFrameRate:9947 WV.zf.p:1 WV.zg.h:117 WV.zg.onDraw:7 com.android.webview.chromium.WebViewChromium.onDraw:19 
2026-05-16 20:24:23.144 23964-23964 View                    com.sitstand.timer                   I  setRequestedFrameRate frameRate=-4.0, this=com.getcapacitor.CapacitorWebView{6880fe0 VFEDHVC.. .F...... 0,110-1080,2481 #7f0800ce app:id/webview aid=1073741824}, caller=android.view.ViewGroup.setRequestedFrameRate:9947 WV.zf.p:1 WV.zg.h:117 WV.zg.onDraw:7 com.android.webview.chromium.WebViewChromium.onDraw:19 
2026-05-16 20:24:23.152 23964-23964 View                    com.sitstand.timer                   I  setRequestedFrameRate frameRate=-4.0, this=com.getcapacitor.CapacitorWebView{6880fe0 VFEDHVC.. .F...... 0,110-1080,2481 #7f0800ce app:id/webview aid=1073741824}, caller=android.view.ViewGroup.setRequestedFrameRate:9947 WV.zf.p:1 WV.zg.h:117 WV.zg.onDraw:7 com.android.webview.chromium.WebViewChromium.onDraw:19 
2026-05-16 20:24:23.160 23964-23964 View                    com.sitstand.timer                   I  setRequestedFrameRate frameRate=-4.0, this=com.getcapacitor.CapacitorWebView{6880fe0 VFEDHVC.. .F...... 0,110-1080,2481 #7f0800ce app:id/webview aid=1073741824}, caller=android.view.ViewGroup.setRequestedFrameRate:9947 WV.zf.p:1 WV.zg.h:117 WV.zg.onDraw:7 com.android.webview.chromium.WebViewChromium.onDraw:19 
2026-05-16 20:24:23.169 23964-23964 View                    com.sitstand.timer                   I  setRequestedFrameRate frameRate=-4.0, this=com.getcapacitor.CapacitorWebView{6880fe0 VFEDHVC.. .F...... 0,110-1080,2481 #7f0800ce app:id/webview aid=1073741824}, caller=android.view.ViewGroup.setRequestedFrameRate:9947 WV.zf.p:1 WV.zg.h:117 WV.zg.onDraw:7 com.android.webview.chromium.WebViewChromium.onDraw:19 
2026-05-16 20:24:23.177 23964-23964 View                    com.sitstand.timer                   I  setRequestedFrameRate frameRate=-4.0, this=com.getcapacitor.CapacitorWebView{6880fe0 VFEDHVC.. .F...... 0,110-1080,2481 #7f0800ce app:id/webview aid=1073741824}, caller=android.view.ViewGroup.setRequestedFrameRate:9947 WV.zf.p:1 WV.zg.h:117 WV.zg.onDraw:7 com.android.webview.chromium.WebViewChromium.onDraw:19 
2026-05-16 20:24:23.185 23964-23964 View                    com.sitstand.timer                   I  setRequestedFrameRate frameRate=-4.0, this=com.getcapacitor.CapacitorWebView{6880fe0 VFEDHVC.. .F...... 0,110-1080,2481 #7f0800ce app:id/webview aid=1073741824}, caller=android.view.ViewGroup.setRequestedFrameRate:9947 WV.zf.p:1 WV.zg.h:117 WV.zg.onDraw:7 com.android.webview.chromium.WebViewChromium.onDraw:19 
2026-05-16 20:24:23.194 23964-23964 View                    com.sitstand.timer                   I  setRequestedFrameRate frameRate=-4.0, this=com.getcapacitor.CapacitorWebView{6880fe0 VFEDHVC.. .F...... 0,110-1080,2481 #7f0800ce app:id/webview aid=1073741824}, caller=android.view.ViewGroup.setRequestedFrameRate:9947 WV.zf.p:1 WV.zg.h:117 WV.zg.onDraw:7 com.android.webview.chromium.WebViewChromium.onDraw:19 
2026-05-16 20:24:23.202 23964-23964 View                    com.sitstand.timer                   I  setRequestedFrameRate frameRate=-4.0, this=com.getcapacitor.CapacitorWebView{6880fe0 VFEDHVC.. .F...... 0,110-1080,2481 #7f0800ce app:id/webview aid=1073741824}, caller=android.view.ViewGroup.setRequestedFrameRate:9947 WV.zf.p:1 WV.zg.h:117 WV.zg.onDraw:7 com.android.webview.chromium.WebViewChromium.onDraw:19 
2026-05-16 20:24:23.210 23964-23964 View                    com.sitstand.timer                   I  setRequestedFrameRate frameRate=-4.0, this=com.getcapacitor.CapacitorWebView{6880fe0 VFEDHVC.. .F...... 0,110-1080,2481 #7f0800ce app:id/webview aid=1073741824}, caller=android.view.ViewGroup.setRequestedFrameRate:9947 WV.zf.p:1 WV.zg.h:117 WV.zg.onDraw:7 com.android.webview.chromium.WebViewChromium.onDraw:19 
2026-05-16 20:24:23.218 23964-23964 View                    com.sitstand.timer                   I  setRequestedFrameRate frameRate=-4.0, this=com.getcapacitor.CapacitorWebView{6880fe0 VFEDHVC.. .F...... 0,110-1080,2481 #7f0800ce app:id/webview aid=1073741824}, caller=android.view.ViewGroup.setRequestedFrameRate:9947 WV.zf.p:1 WV.zg.h:117 WV.zg.onDraw:7 com.android.webview.chromium.WebViewChromium.onDraw:19 
2026-05-16 20:24:23.227 23964-23964 View                    com.sitstand.timer                   I  setRequestedFrameRate frameRate=-4.0, this=com.getcapacitor.CapacitorWebView{6880fe0 VFEDHVC.. .F...... 0,110-1080,2481 #7f0800ce app:id/webview aid=1073741824}, caller=android.view.ViewGroup.setRequestedFrameRate:9947 WV.zf.p:1 WV.zg.h:117 WV.zg.onDraw:7 com.android.webview.chromium.WebViewChromium.onDraw:19 
2026-05-16 20:24:23.235 23964-23964 View                    com.sitstand.timer                   I  setRequestedFrameRate frameRate=-4.0, this=com.getcapacitor.CapacitorWebView{6880fe0 VFEDHVC.. .F...... 0,110-1080,2481 #7f0800ce app:id/webview aid=1073741824}, caller=android.view.ViewGroup.setRequestedFrameRate:9947 WV.zf.p:1 WV.zg.h:117 WV.zg.onDraw:7 com.android.webview.chromium.WebViewChromium.onDraw:19 
2026-05-16 20:24:23.244 23964-23964 View                    com.sitstand.timer                   I  setRequestedFrameRate frameRate=-4.0, this=com.getcapacitor.CapacitorWebView{6880fe0 VFEDHVC.. .F...... 0,110-1080,2481 #7f0800ce app:id/webview aid=1073741824}, caller=android.view.ViewGroup.setRequestedFrameRate:9947 WV.zf.p:1 WV.zg.h:117 WV.zg.onDraw:7 com.android.webview.chromium.WebViewChromium.onDraw:19 
2026-05-16 20:24:23.252 23964-23964 View                    com.sitstand.timer                   I  setRequestedFrameRate frameRate=-4.0, this=com.getcapacitor.CapacitorWebView{6880fe0 VFEDHVC.. .F...... 0,110-1080,2481 #7f0800ce app:id/webview aid=1073741824}, caller=android.view.ViewGroup.setRequestedFrameRate:9947 WV.zf.p:1 WV.zg.h:117 WV.zg.onDraw:7 com.android.webview.chromium.WebViewChromium.onDraw:19 
2026-05-16 20:24:23.260 23964-23964 View                    com.sitstand.timer                   I  setRequestedFrameRate frameRate=-4.0, this=com.getcapacitor.CapacitorWebView{6880fe0 VFEDHVC.. .F...... 0,110-1080,2481 #7f0800ce app:id/webview aid=1073741824}, caller=android.view.ViewGroup.setRequestedFrameRate:9947 WV.zf.p:1 WV.zg.h:117 WV.zg.onDraw:7 com.android.webview.chromium.WebViewChromium.onDraw:19 
2026-05-16 20:24:23.269 23964-23964 View                    com.sitstand.timer                   I  setRequestedFrameRate frameRate=-4.0, this=com.getcapacitor.CapacitorWebView{6880fe0 VFEDHVC.. .F...... 0,110-1080,2481 #7f0800ce app:id/webview aid=1073741824}, caller=android.view.ViewGroup.setRequestedFrameRate:9947 WV.zf.p:1 WV.zg.h:117 WV.zg.onDraw:7 com.android.webview.chromium.WebViewChromium.onDraw:19 
2026-05-16 20:24:23.277 23964-23964 View                    com.sitstand.timer                   I  setRequestedFrameRate frameRate=-4.0, this=com.getcapacitor.CapacitorWebView{6880fe0 VFEDHVC.. .F...... 0,110-1080,2481 #7f0800ce app:id/webview aid=1073741824}, caller=android.view.ViewGroup.setRequestedFrameRate:9947 WV.zf.p:1 WV.zg.h:117 WV.zg.onDraw:7 com.android.webview.chromium.WebViewChromium.onDraw:19 
